        Info Using installed NDK: C:\Users\elbui\AppData\Local\Android\Sdk\ndk\27.0.12077973
        Info Looking up installed tauri packages to check mismatched versions...
     Running beforeBuildCommand `npm run build`

> vox-intelligence-pro@0.0.0 build
> vite build

[36mvite v6.4.1 [32mbuilding for production...[36m[39m
transforming...
[32mÔ£ô[39m 1719 modules transformed.
rendering chunks...
computing gzip size...
[2mdist/[22m[32mindex.html                 [39m[1m[2m  0.62 kB[22m[1m[22m[2m Ôöé gzip:  0.41 kB[22m
[2mdist/[22m[35massets/index-CoLt-lHQ.css  [39m[1m[2m 38.87 kB[22m[1m[22m[2m Ôöé gzip:  7.40 kB[22m
[2mdist/[22m[36massets/index-C3NvrTBg.js   [39m[1m[2m  1.41 kB[22m[1m[22m[2m Ôöé gzip:  0.66 kB[22m
[2mdist/[22m[36massets/core-DhEqZVGG.js    [39m[1m[2m  2.44 kB[22m[1m[22m[2m Ôöé gzip:  0.98 kB[22m
[2mdist/[22m[36massets/index-BwbwJNNJ.js   [39m[1m[2m253.97 kB[22m[1m[22m[2m Ôöé gzip: 77.42 kB[22m
[32mÔ£ô built in 5.77s[39m
   Compiling app v0.1.0 (C:\Users\elbui\Desktop\vox-intelligence-pro\src-tauri)
    Finished `release` profile [optimized] target(s) in 26.63s
        Info symlinking lib "C:\\Users\\elbui\\Desktop\\vox-intelligence-pro\\src-tauri\\target\\aarch64-linux-android\\release\\libapp_lib.so" in jniLibs dir "C:\\Users\\elbui\\Desktop\\vox-intelligence-pro\\src-tauri\\gen/android\\app/src/main/jniLibs/arm64-v8a"
        Info "C:\\Users\\elbui\\Desktop\\vox-intelligence-pro\\src-tauri\\target\\aarch64-linux-android\\release\\libapp_lib.so" requires shared lib "liblog.so"
        Info "C:\\Users\\elbui\\Desktop\\vox-intelligence-pro\\src-tauri\\target\\aarch64-linux-android\\release\\libapp_lib.so" requires shared lib "libandroid.so"
        Info "C:\\Users\\elbui\\Desktop\\vox-intelligence-pro\\src-tauri\\target\\aarch64-linux-android\\release\\libapp_lib.so" requires shared lib "libdl.so"
        Info "C:\\Users\\elbui\\Desktop\\vox-intelligence-pro\\src-tauri\\target\\aarch64-linux-android\\release\\libapp_lib.so" requires shared lib "libm.so"
        Info "C:\\Users\\elbui\\Desktop\\vox-intelligence-pro\\src-tauri\\target\\aarch64-linux-android\\release\\libapp_lib.so" requires shared lib "libc.so"
        Info symlink at "C:\\Users\\elbui\\Desktop\\vox-intelligence-pro\\src-tauri\\gen/android\\app/src/main/jniLibs/arm64-v8a\\libapp_lib.so" points to "C:\\Users\\elbui\\Desktop\\vox-intelligence-pro\\src-tauri\\target\\aarch64-linux-android\\release\\libapp_lib.so"
npm error Missing script: "tauri"
npm error
npm error To see a list of scripts, run:
npm error   npm run
npm error A complete log of this run can be found in: C:\Users\elbui\AppData\Local\npm-cache\_logs\2026-02-02T05_01_02_050Z-debug-0.log

[Incubating] Problems report is available at: file:///C:/Users/elbui/Desktop/vox-intelligence-pro/src-tauri/gen/android/build/reports/problems/problems-report.html

FAILURE: Build failed with an exception.

* What went wrong:
Execution failed for task ':app:rustBuildArm64Release'.
> A problem occurred starting process 'command 'npm.bat''

* Try:
> Run with --stacktrace option to get the stack trace.
> Run with --info or --debug option to get more log output.
> Run with --scan to get full insights.
> Get more help at https://help.gradle.org.

Deprecated Gradle features were used in this build, making it incompatible with Gradle 9.0.

You can use '--warning-mode all' to show the individual deprecation warnings and determine if they come from your own scripts or plugins.

For more on this, please refer to https://docs.gradle.org/8.14.3/userguide/command_line_interface.html#sec:command_line_warnings in the Gradle documentation.

BUILD FAILED in 2s
failed to build APK: Failed to assemble APK with Io(BeforeSpawn(<closure>), Io(StderrFile(File { handle: 0x3e4 }), Io(StdoutFile(File { handle: 0x3e0 }), Io(StdinFile(File { handle: 0x3dc }), Io(Env("CARGO_TARGET_I686_LINUX_ANDROID_LINKER", "C:\\Users\\elbui\\AppData\\Local\\Android\\Sdk\\ndk\\27.0.12077973\\toolchains/llvm/prebuilt/windows-x86_64\\bin\\i686-linux-android24-clang.cmd"), Io(Env("CARGO_TARGET_AARCH64_LINUX_ANDROID_LINKER", "C:\\Users\\elbui\\AppData\\Local\\Android\\Sdk\\ndk\\27.0.12077973\\toolchains/llvm/prebuilt/windows-x86_64\\bin\\aarch64-linux-android24-clang.cmd"), Io(Env("PROGRAMDATA", "C:\\ProgramData"), Io(Env("WRY_ANDROID_PACKAGE", "com.voxintelligence.pro"), Io(Env("WRY_ANDROID_LIBRARY", "app_lib"), Io(Env("TAURI_CLI_VERBOSITY", "0"), Io(Env("WRY_ANDROID_KOTLIN_FILES_OUT_DIR", "C:\\Users\\elbui\\Desktop\\vox-intelligence-pro\\src-tauri\\gen/android\\app/src/main\\java/com/voxintelligence/pro\\generated"), Io(Env("NDK_HOME", "C:\\Users\\elbui\\AppData\\Local\\Android\\Sdk\\ndk\\27.0.12077973"), Io(Env("CARGO_TARGET_X86_64_LINUX_ANDROID_LINKER", "C:\\Users\\elbui\\AppData\\Local\\Android\\Sdk\\ndk\\27.0.12077973\\toolchains/llvm/prebuilt/windows-x86_64\\bin\\x86_64-linux-android24-clang.cmd"), Io(Env("CARGO_TARGET_I686_LINUX_ANDROID_RUSTFLAGS", "-Clink-arg=-landroid -Clink-arg=-llog -Clink-arg=-lOpenSLES"), Io(Env("USERPROFILE", "C:\\Users\\elbui"), Io(Env("RUST_LOG_STYLE", "always"), Io(Env("TAURI_ANDROID_PACKAGE_UNESCAPED", "com.voxintelligence.pro"), Io(Env("PATHEXT", ".COM;.EXE;.BAT;.CMD;.VBS;.VBE;.JS;.JSE;.WSF;.WSH;.MSC;.CPL"), Io(Env("SYSTEMROOT", "C:\\Windows"), Io(Env("CARGO_TARGET_ARMV7_LINUX_ANDROIDEABI_LINKER", "C:\\Users\\elbui\\AppData\\Local\\Android\\Sdk\\ndk\\27.0.12077973\\toolchains/llvm/prebuilt/windows-x86_64\\bin\\armv7a-linux-androideabi24-clang.cmd"), Io(Env("PATH", "C:\\Users\\elbui\\Desktop\\vox-intelligence-pro\\node_modules\\.bin;C:\\Users\\elbui\\Desktop\\vox-intelligence-pro\\node_modules\\.bin;C:\\Users\\elbui\\Desktop\\node_modules\\.bin;C:\\Users\\elbui\\node_modules\\.bin;C:\\Users\\node_modules\\.bin;C:\\node_modules\\.bin;C:\\Program Files\\nodejs\\node_modules\\npm\\node_modules\\@npmcli\\run-script\\lib\\node-gyp-bin;C:\\Program Files\\PowerShell\\7;C:\\Program Files\\Microsoft\\jdk-17.0.18.8-hotspot\\bin;C:\\Windows\\system32;C:\\Windows;C:\\Windows\\System32\\Wbem;C:\\Windows\\System32\\WindowsPowerShell\\v1.0\\;C:\\Windows\\System32\\OpenSSH\\;C:\\Program Files\\PowerShell\\7\\;C:\\ProgramData\\chocolatey\\bin;C:\\Program Files\\Git\\cmd;C:\\Program Files\\Microsoft SQL Server\\170\\Tools\\Binn\\;C:\\Program Files\\GitHub CLI\\;C:\\Program Files\\nodejs\\;C:\\Program Files (x86)\\Windows Kits\\10\\Windows Performance Toolkit\\;C:\\Users\\elbui\\.cargo\\bin;C:\\Users\\elbui\\AppData\\Local\\Microsoft\\WindowsApps;C:\\Users\\elbui\\AppData\\Local\\Programs\\Microsoft VS Code\\bin;C:\\Users\\elbui\\AppData\\Local\\Programs\\Ollama;C:\\Users\\elbui\\.lmstudio\\bin;C:\\Users\\elbui\\Antigravity\\bin;C:\\Users\\elbui\\AppData\\Local\\Google\\Cloud SDK\\google-cloud-sdk\\bin;C:\\Users\\elbui\\AppData\\Local\\Microsoft\\WinGet\\Packages\\GitHub.Copilot_Microsoft.Winget.Source_8wekyb3d8bbwe;C:\\Users\\elbui\\AppData\\Roaming\\npm;c:\\Users\\elbui\\.antigravity\\extensions\\vscjava.vscode-java-debug-0.58.5-universal\\bundled\\scripts\\noConfigScripts"), Io(Env("TAURI_ANDROID_PROJECT_PATH", "C:\\Users\\elbui\\Desktop\\vox-intelligence-pro\\src-tauri\\gen/android"), Io(Env("TMP", "C:\\Users\\elbui\\AppData\\Local\\Temp"), Io(Env("CARGO_TARGET_X86_64_LINUX_ANDROID_RUSTFLAGS", "-Clink-arg=-landroid -Clink-arg=-llog -Clink-arg=-lOpenSLES"), Io(Env("CARGO_TARGET_ARMV7_LINUX_ANDROIDEABI_RUSTFLAGS", "-Clink-arg=-landroid -Clink-arg=-llog -Clink-arg=-lOpenSLES"), Io(Env("TEMP", "C:\\Users\\elbui\\AppData\\Local\\Temp"), Io(Env("CARGO_TARGET_AARCH64_LINUX_ANDROID_RUSTFLAGS", "-Clink-arg=-landroid -Clink-arg=-llog -Clink-arg=-lOpenSLES"), Io(Env("ANDROID_HOME", "C:\\Users\\elbui\\AppData\\Local\\Android\\Sdk"), Cmd(["C:\\Users\\elbui\\Desktop\\vox-intelligence-pro\\src-tauri\\gen/android\\gradlew.bat", "--project-dir", "C:\\Users\\elbui\\Desktop\\vox-intelligence-pro\\src-tauri\\gen/android"]))))))))))))))))))))))))))))): command ["C:\\Users\\elbui\\Desktop\\vox-intelligence-pro\\src-tauri\\gen/android\\gradlew.bat", "--project-dir", "C:\\Users\\elbui\\Desktop\\vox-intelligence-pro\\src-tauri\\gen/android"] exited with code 1
       Error failed to build APK: Failed to assemble APK with Io(BeforeSpawn(<closure>), Io(StderrFile(File { handle: 0x3e4 }), Io(StdoutFile(File { handle: 0x3e0 }), Io(StdinFile(File { handle: 0x3dc }), Io(Env("CARGO_TARGET_I686_LINUX_ANDROID_LINKER", "C:\\Users\\elbui\\AppData\\Local\\Android\\Sdk\\ndk\\27.0.12077973\\toolchains/llvm/prebuilt/windows-x86_64\\bin\\i686-linux-android24-clang.cmd"), Io(Env("CARGO_TARGET_AARCH64_LINUX_ANDROID_LINKER", "C:\\Users\\elbui\\AppData\\Local\\Android\\Sdk\\ndk\\27.0.12077973\\toolchains/llvm/prebuilt/windows-x86_64\\bin\\aarch64-linux-android24-clang.cmd"), Io(Env("PROGRAMDATA", "C:\\ProgramData"), Io(Env("WRY_ANDROID_PACKAGE", "com.voxintelligence.pro"), Io(Env("WRY_ANDROID_LIBRARY", "app_lib"), Io(Env("TAURI_CLI_VERBOSITY", "0"), Io(Env("WRY_ANDROID_KOTLIN_FILES_OUT_DIR", "C:\\Users\\elbui\\Desktop\\vox-intelligence-pro\\src-tauri\\gen/android\\app/src/main\\java/com/voxintelligence/pro\\generated"), Io(Env("NDK_HOME", "C:\\Users\\elbui\\AppData\\Local\\Android\\Sdk\\ndk\\27.0.12077973"), Io(Env("CARGO_TARGET_X86_64_LINUX_ANDROID_LINKER", "C:\\Users\\elbui\\AppData\\Local\\Android\\Sdk\\ndk\\27.0.12077973\\toolchains/llvm/prebuilt/windows-x86_64\\bin\\x86_64-linux-android24-clang.cmd"), Io(Env("CARGO_TARGET_I686_LINUX_ANDROID_RUSTFLAGS", "-Clink-arg=-landroid -Clink-arg=-llog -Clink-arg=-lOpenSLES"), Io(Env("USERPROFILE", "C:\\Users\\elbui"), Io(Env("RUST_LOG_STYLE", "always"), Io(Env("TAURI_ANDROID_PACKAGE_UNESCAPED", "com.voxintelligence.pro"), Io(Env("PATHEXT", ".COM;.EXE;.BAT;.CMD;.VBS;.VBE;.JS;.JSE;.WSF;.WSH;.MSC;.CPL"), Io(Env("SYSTEMROOT", "C:\\Windows"), Io(Env("CARGO_TARGET_ARMV7_LINUX_ANDROIDEABI_LINKER", "C:\\Users\\elbui\\AppData\\Local\\Android\\Sdk\\ndk\\27.0.12077973\\toolchains/llvm/prebuilt/windows-x86_64\\bin\\armv7a-linux-androideabi24-clang.cmd"), Io(Env("PATH", "C:\\Users\\elbui\\Desktop\\vox-intelligence-pro\\node_modules\\.bin;C:\\Users\\elbui\\Desktop\\vox-intelligence-pro\\node_modules\\.bin;C:\\Users\\elbui\\Desktop\\node_modules\\.bin;C:\\Users\\elbui\\node_modules\\.bin;C:\\Users\\node_modules\\.bin;C:\\node_modules\\.bin;C:\\Program Files\\nodejs\\node_modules\\npm\\node_modules\\@npmcli\\run-script\\lib\\node-gyp-bin;C:\\Program Files\\PowerShell\\7;C:\\Program Files\\Microsoft\\jdk-17.0.18.8-hotspot\\bin;C:\\Windows\\system32;C:\\Windows;C:\\Windows\\System32\\Wbem;C:\\Windows\\System32\\WindowsPowerShell\\v1.0\\;C:\\Windows\\System32\\OpenSSH\\;C:\\Program Files\\PowerShell\\7\\;C:\\ProgramData\\chocolatey\\bin;C:\\Program Files\\Git\\cmd;C:\\Program Files\\Microsoft SQL Server\\170\\Tools\\Binn\\;C:\\Program Files\\GitHub CLI\\;C:\\Program Files\\nodejs\\;C:\\Program Files (x86)\\Windows Kits\\10\\Windows Performance Toolkit\\;C:\\Users\\elbui\\.cargo\\bin;C:\\Users\\elbui\\AppData\\Local\\Microsoft\\WindowsApps;C:\\Users\\elbui\\AppData\\Local\\Programs\\Microsoft VS Code\\bin;C:\\Users\\elbui\\AppData\\Local\\Programs\\Ollama;C:\\Users\\elbui\\.lmstudio\\bin;C:\\Users\\elbui\\Antigravity\\bin;C:\\Users\\elbui\\AppData\\Local\\Google\\Cloud SDK\\google-cloud-sdk\\bin;C:\\Users\\elbui\\AppData\\Local\\Microsoft\\WinGet\\Packages\\GitHub.Copilot_Microsoft.Winget.Source_8wekyb3d8bbwe;C:\\Users\\elbui\\AppData\\Roaming\\npm;c:\\Users\\elbui\\.antigravity\\extensions\\vscjava.vscode-java-debug-0.58.5-universal\\bundled\\scripts\\noConfigScripts"), Io(Env("TAURI_ANDROID_PROJECT_PATH", "C:\\Users\\elbui\\Desktop\\vox-intelligence-pro\\src-tauri\\gen/android"), Io(Env("TMP", "C:\\Users\\elbui\\AppData\\Local\\Temp"), Io(Env("CARGO_TARGET_X86_64_LINUX_ANDROID_RUSTFLAGS", "-Clink-arg=-landroid -Clink-arg=-llog -Clink-arg=-lOpenSLES"), Io(Env("CARGO_TARGET_ARMV7_LINUX_ANDROIDEABI_RUSTFLAGS", "-Clink-arg=-landroid -Clink-arg=-llog -Clink-arg=-lOpenSLES"), Io(Env("TEMP", "C:\\Users\\elbui\\AppData\\Local\\Temp"), Io(Env("CARGO_TARGET_AARCH64_LINUX_ANDROID_RUSTFLAGS", "-Clink-arg=-landroid -Clink-arg=-llog -Clink-arg=-lOpenSLES"), Io(Env("ANDROID_HOME", "C:\\Users\\elbui\\AppData\\Local\\Android\\Sdk"), Cmd(["C:\\Users\\elbui\\Desktop\\vox-intelligence-pro\\src-tauri\\gen/android\\gradlew.bat", "--project-dir", "C:\\Users\\elbui\\Desktop\\vox-intelligence-pro\\src-tauri\\gen/android"]))))))))))))))))))))))))))))): command ["C:\\Users\\elbui\\Desktop\\vox-intelligence-pro\\src-tauri\\gen/android\\gradlew.bat", "--project-dir", "C:\\Users\\elbui\\Desktop\\vox-intelligence-pro\\src-tauri\\gen/android"] exited with code 1
